src/bot/BotServer.ts(122,59): error TS2339: Property 'id' does not exist on type 'unknown'.
src/bot/BotServer.ts(126,46): error TS2339: Property 'url' does not exist on type 'unknown'.
src/wa/ConfigWAEvents.ts(226,59): error TS2345: Argument of type 'IWebMessageInfo' is not assignable to parameter of type 'WAMessage'.
  Type 'IWebMessageInfo' is not assignable to type '{ key: WAMessageKey; messageStubParameters?: any; }'.
    Property 'key' is optional in type 'IWebMessageInfo' but required in type '{ key: WAMessageKey; messageStubParameters?: any; }'.
src/wa/WhatsAppBot.ts(219,61): error TS2322: Type 'boolean' is not assignable to type 'Promise<boolean>'.
src/wa/WhatsAppBot.ts(886,57): error TS2339: Property 'status' does not exist on type 'USyncQueryResultList[]'.
